
> dev
> npx esbuild js/*.js --bundle --outdir=dist --servedir=. --serve=8080

X [ERROR] listen tcp4 0.0.0.0:8080: bind: Only one usage of each socket address (protocol/network address/port) is normally permitted.

1 error
node:child_process:955
    throw err;
    ^

Error: Command failed: C:\laragon\www\undangan_digital-4.x\node_modules\@esbuild\win32-x64\esbuild.exe js/*.js --bundle --outdir=dist --servedir=. --serve=8080
    at genericNodeError (node:internal/errors:983:15)
    at wrappedFn (node:internal/errors:537:14)
    at checkExecSyncError (node:child_process:916:11)
    at Object.execFileSync (node:child_process:952:15)
    at Object.<anonymous> (C:\laragon\www\undangan_digital-4.x\node_modules\esbuild\bin\esbuild:222:28)
    at Module._compile (node:internal/modules/cjs/loader:1781:14)
    at Object..js (node:internal/modules/cjs/loader:1913:10)
    at Module.load (node:internal/modules/cjs/loader:1505:32)
    at Function._load (node:internal/modules/cjs/loader:1309:12)
    at wrapModuleLoad (node:internal/modules/cjs/loader:254:19) {
  status: 1,
  signal: null,
  output: [ null, null, null ],
  pid: 7364,
  stdout: null,
  stderr: null
}

Node.js v22.23.2
